./gradlew : WARNING: A restricted method in java.lang.System has been called
No linha:1 caractere:1
+ ./gradlew classes > build_output.txt 2>&1
+ ~~~~~~~~~~~~~~~~~~~~~~~~~~~~~~~~~~~~~~~~~
    + CategoryInfo          : NotSpecified: (WARNING: A rest...has been called:String) [], RemoteException
    + FullyQualifiedErrorId : NativeCommandError
 
WARNING: java.lang.System::load has been called by net.rubygrapefruit.platform.internal.NativeLibraryLoader in an 
unnamed module (file:/C:/Users/Gustavo%20Will/.gradle/wrapper/dists/gradle-8.13-bin/5xuhj0ry160q40clulazy9h7d/gradle-8.
13/lib/native-platform-0.22-milestone-28.jar)
WARNING: Use --enable-native-access=ALL-UNNAMED to avoid a warning for callers in this module
WARNING: Restricted methods will be blocked in a future release unless native access is enabled

C:\Users\Gustavo Will\Desktop\hytale\plots\src\main\java\com\overworldlabs\plots\ui\pages\PlotInfoPage.java:1: error: 
illegal character: '\ufeff'

> Task :compileJava FAILED
´╗┐package com.overworldlabs.plots.ui.pages;
^
C:\Users\Gustavo Will\Desktop\hytale\plots\src\main\java\com\overworldlabs\plots\ui\pages\PlotInfoPage.java:1: error: 
class, interface, enum, or record expected
´╗┐package com.overworldlabs.plots.ui.pages;
         ^
C:\Users\Gustavo Will\Desktop\hytale\plots\src\main\java\com\overworldlabs\plots\ui\pages\PlotInfoPage.java:3: error: 
class, interface, enum, or record expected
import com.hypixel.hytale.codec.builder.BuilderCodec;
^
C:\Users\Gustavo Will\Desktop\hytale\plots\src\main\java\com\overworldlabs\plots\ui\pages\PlotInfoPage.java:4: error: 
class, interface, enum, or record expected
import com.hypixel.hytale.component.Ref;
^
C:\Users\Gustavo Will\Desktop\hytale\plots\src\main\java\com\overworldlabs\plots\ui\pages\PlotInfoPage.java:5: error: 
class, interface, enum, or record expected
import com.hypixel.hytale.component.Store;
^
C:\Users\Gustavo Will\Desktop\hytale\plots\src\main\java\com\overworldlabs\plots\ui\pages\PlotInfoPage.java:6: error: 
class, interface, enum, or record expected
import com.hypixel.hytale.protocol.packets.interface_.CustomPageLifetime;
^
C:\Users\Gustavo Will\Desktop\hytale\plots\src\main\java\com\overworldlabs\plots\ui\pages\PlotInfoPage.java:7: error: 
class, interface, enum, or record expected
import com.hypixel.hytale.protocol.packets.interface_.CustomUIEventBindingType;
^
C:\Users\Gustavo Will\Desktop\hytale\plots\src\main\java\com\overworldlabs\plots\ui\pages\PlotInfoPage.java:8: error: 
class, interface, enum, or record expected
import com.hypixel.hytale.protocol.packets.interface_.Page;
^
C:\Users\Gustavo Will\Desktop\hytale\plots\src\main\java\com\overworldlabs\plots\ui\pages\PlotInfoPage.java:9: error: 
class, interface, enum, or record expected
import com.hypixel.hytale.server.core.entity.entities.Player;
^
C:\Users\Gustavo Will\Desktop\hytale\plots\src\main\java\com\overworldlabs\plots\ui\pages\PlotInfoPage.java:10: error: 
class, interface, enum, or record expected
import com.hypixel.hytale.server.core.entity.entities.player.pages.InteractiveCustomUIPage;
^
C:\Users\Gustavo Will\Desktop\hytale\plots\src\main\java\com\overworldlabs\plots\ui\pages\PlotInfoPage.java:11: error: 
class, interface, enum, or record expected
import com.hypixel.hytale.server.core.ui.builder.UICommandBuilder;
^
C:\Users\Gustavo Will\Desktop\hytale\plots\src\main\java\com\overworldlabs\plots\ui\pages\PlotInfoPage.java:12: error: 
class, interface, enum, or record expected
import com.hypixel.hytale.server.core.ui.builder.UIEventBuilder;
^
C:\Users\Gustavo Will\Desktop\hytale\plots\src\main\java\com\overworldlabs\plots\ui\pages\PlotInfoPage.java:13: error: 
class, interface, enum, or record expected
import com.hypixel.hytale.server.core.universe.PlayerRef;
^
C:\Users\Gustavo Will\Desktop\hytale\plots\src\main\java\com\overworldlabs\plots\ui\pages\PlotInfoPage.java:14: error: 
class, interface, enum, or record expected
import com.hypixel.hytale.server.core.universe.world.storage.EntityStore;
^
C:\Users\Gustavo Will\Desktop\hytale\plots\src\main\java\com\overworldlabs\plots\ui\pages\PlotInfoPage.java:15: error: 
class, interface, enum, or record expected
import javax.annotation.Nonnull;
^
C:\Users\Gustavo Will\Desktop\hytale\plots\src\main\java\com\overworldlabs\plots\ui\pages\PlotInfoPage.java:51: error: 
<identifier> expected
            @Nonnull Ref<EntityStore> ref,
                                          ^
C:\Users\Gustavo Will\Desktop\hytale\plots\src\main\java\com\overworldlabs\plots\ui\pages\PlotInfoPage.java:52: error: 
illegal start of type
            @Nonnull UICommandBuilder commandBuilder,
            ^
C:\Users\Gustavo Will\Desktop\hytale\plots\src\main\java\com\overworldlabs\plots\ui\pages\PlotInfoPage.java:52: error: 
';' expected
            @Nonnull UICommandBuilder commandBuilder,
                    ^
C:\Users\Gustavo Will\Desktop\hytale\plots\src\main\java\com\overworldlabs\plots\ui\pages\PlotInfoPage.java:52: error: 
<identifier> expected
            @Nonnull UICommandBuilder commandBuilder,
                                                     ^
C:\Users\Gustavo Will\Desktop\hytale\plots\src\main\java\com\overworldlabs\plots\ui\pages\PlotInfoPage.java:53: error: 
illegal start of type
            @Nonnull UIEventBuilder eventBuilder,
            ^
C:\Users\Gustavo Will\Desktop\hytale\plots\src\main\java\com\overworldlabs\plots\ui\pages\PlotInfoPage.java:53: error: 
';' expected
            @Nonnull UIEventBuilder eventBuilder,
                    ^
C:\Users\Gustavo Will\Desktop\hytale\plots\src\main\java\com\overworldlabs\plots\ui\pages\PlotInfoPage.java:53: error: 
<identifier> expected
            @Nonnull UIEventBuilder eventBuilder,
                                                 ^
C:\Users\Gustavo Will\Desktop\hytale\plots\src\main\java\com\overworldlabs\plots\ui\pages\PlotInfoPage.java:54: error: 
illegal start of type
            @Nonnull Store<EntityStore> store) {
            ^
C:\Users\Gustavo Will\Desktop\hytale\plots\src\main\java\com\overworldlabs\plots\ui\pages\PlotInfoPage.java:54: error: 
';' expected
            @Nonnull Store<EntityStore> store) {
                    ^
C:\Users\Gustavo Will\Desktop\hytale\plots\src\main\java\com\overworldlabs\plots\ui\pages\PlotInfoPage.java:54: error: 
';' expected
            @Nonnull Store<EntityStore> store) {
                                             ^
25 errors

[Incubating] Problems report is available at: file:///C:/Users/Gustavo%20Will/Desktop/hytale/plots/build/reports/problems/problems-report.html

FAILURE: Build failed with an exception.

* What went wrong:
Execution failed for task ':compileJava'.
> Compilation failed; see the compiler output below.
  C:\Users\Gustavo Will\Desktop\hytale\plots\src\main\java\com\overworldlabs\plots\ui\pages\PlotInfoPage.java:1: 
error: illegal character: '\ufeff'
  ´╗┐package com.overworldlabs.plots.ui.pages;
  ^
  C:\Users\Gustavo Will\Desktop\hytale\plots\src\main\java\com\overworldlabs\plots\ui\pages\PlotInfoPage.java:1: 
error: class, interface, enum, or record expected
  ´╗┐package com.overworldlabs.plots.ui.pages;
           ^
  C:\Users\Gustavo Will\Desktop\hytale\plots\src\main\java\com\overworldlabs\plots\ui\pages\PlotInfoPage.java:3: 
error: class, interface, enum, or record expected
  import com.hypixel.hytale.codec.builder.BuilderCodec;
  ^
  C:\Users\Gustavo Will\Desktop\hytale\plots\src\main\java\com\overworldlabs\plots\ui\pages\PlotInfoPage.java:4: 
error: class, interface, enum, or record expected
  import com.hypixel.hytale.component.Ref;
  ^
  C:\Users\Gustavo Will\Desktop\hytale\plots\src\main\java\com\overworldlabs\plots\ui\pages\PlotInfoPage.java:5: 
error: class, interface, enum, or record expected
  import com.hypixel.hytale.component.Store;
  ^
  C:\Users\Gustavo Will\Desktop\hytale\plots\src\main\java\com\overworldlabs\plots\ui\pages\PlotInfoPage.java:6: 
error: class, interface, enum, or record expected
  import com.hypixel.hytale.protocol.packets.interface_.CustomPageLifetime;
  ^
  C:\Users\Gustavo Will\Desktop\hytale\plots\src\main\java\com\overworldlabs\plots\ui\pages\PlotInfoPage.java:7: 
error: class, interface, enum, or record expected
  import com.hypixel.hytale.protocol.packets.interface_.CustomUIEventBindingType;
  ^
  C:\Users\Gustavo Will\Desktop\hytale\plots\src\main\java\com\overworldlabs\plots\ui\pages\PlotInfoPage.java:8: 
error: class, interface, enum, or record expected
  import com.hypixel.hytale.protocol.packets.interface_.Page;
  ^
  C:\Users\Gustavo Will\Desktop\hytale\plots\src\main\java\com\overworldlabs\plots\ui\pages\PlotInfoPage.java:9: 
error: class, interface, enum, or record expected
  import com.hypixel.hytale.server.core.entity.entities.Player;
  ^
  C:\Users\Gustavo Will\Desktop\hytale\plots\src\main\java\com\overworldlabs\plots\ui\pages\PlotInfoPage.java:10: 
error: class, interface, enum, or record expected
  import com.hypixel.hytale.server.core.entity.entities.player.pages.InteractiveCustomUIPage;
  ^
  C:\Users\Gustavo Will\Desktop\hytale\plots\src\main\java\com\overworldlabs\plots\ui\pages\PlotInfoPage.java:11: 
error: class, interface, enum, or record expected
  import com.hypixel.hytale.server.core.ui.builder.UICommandBuilder;
  ^
  C:\Users\Gustavo Will\Desktop\hytale\plots\src\main\java\com\overworldlabs\plots\ui\pages\PlotInfoPage.java:12: 
error: class, interface, enum, or record expected
  import com.hypixel.hytale.server.core.ui.builder.UIEventBuilder;
  ^
  C:\Users\Gustavo Will\Desktop\hytale\plots\src\main\java\com\overworldlabs\plots\ui\pages\PlotInfoPage.java:13: 
error: class, interface, enum, or record expected
  import com.hypixel.hytale.server.core.universe.PlayerRef;
  ^
  C:\Users\Gustavo Will\Desktop\hytale\plots\src\main\java\com\overworldlabs\plots\ui\pages\PlotInfoPage.java:14: 
error: class, interface, enum, or record expected
  import com.hypixel.hytale.server.core.universe.world.storage.EntityStore;
  ^
  C:\Users\Gustavo Will\Desktop\hytale\plots\src\main\java\com\overworldlabs\plots\ui\pages\PlotInfoPage.java:15: 
error: class, interface, enum, or record expected
  import javax.annotation.Nonnull;
  ^
  C:\Users\Gustavo Will\Desktop\hytale\plots\src\main\java\com\overworldlabs\plots\ui\pages\PlotInfoPage.java:51: 
error: <identifier> expected
              @Nonnull Ref<EntityStore> ref,
                                            ^
  C:\Users\Gustavo Will\Desktop\hytale\plots\src\main\java\com\overworldlabs\plots\ui\pages\PlotInfoPage.java:52: 
error: illegal start of type
              @Nonnull UICommandBuilder commandBuilder,
              ^
  C:\Users\Gustavo Will\Desktop\hytale\plots\src\main\java\com\overworldlabs\plots\ui\pages\PlotInfoPage.java:52: 
error: ';' expected
              @Nonnull UICommandBuilder commandBuilder,
                      ^
  C:\Users\Gustavo Will\Desktop\hytale\plots\src\main\java\com\overworldlabs\plots\ui\pages\PlotInfoPage.java:52: 
error: <identifier> expected
              @Nonnull UICommandBuilder commandBuilder,
                                                       ^
  C:\Users\Gustavo Will\Desktop\hytale\plots\src\main\java\com\overworldlabs\plots\ui\pages\PlotInfoPage.java:53: 
error: illegal start of type
              @Nonnull UIEventBuilder eventBuilder,
              ^
  C:\Users\Gustavo Will\Desktop\hytale\plots\src\main\java\com\overworldlabs\plots\ui\pages\PlotInfoPage.java:53: 
error: ';' expected
              @Nonnull UIEventBuilder eventBuilder,
                      ^
  C:\Users\Gustavo Will\Desktop\hytale\plots\src\main\java\com\overworldlabs\plots\ui\pages\PlotInfoPage.java:53: 
error: <identifier> expected
              @Nonnull UIEventBuilder eventBuilder,
                                                   ^
  C:\Users\Gustavo Will\Desktop\hytale\plots\src\main\java\com\overworldlabs\plots\ui\pages\PlotInfoPage.java:54: 
error: illegal start of type
              @Nonnull Store<EntityStore> store) {
              ^
  C:\Users\Gustavo Will\Desktop\hytale\plots\src\main\java\com\overworldlabs\plots\ui\pages\PlotInfoPage.java:54: 
error: ';' expected
              @Nonnull Store<EntityStore> store) {
                      ^
  C:\Users\Gustavo Will\Desktop\hytale\plots\src\main\java\com\overworldlabs\plots\ui\pages\PlotInfoPage.java:54: 
error: ';' expected
              @Nonnull Store<EntityStore> store) {
                                               ^
  25 errors

* Try:
> Check your code and dependencies to fix the compilation error(s)
> Run with --scan to get full insights.

BUILD FAILED in 956ms
1 actionable task: 1 executed
